// Jest Snapshot v1, https://goo.gl/fbAQLP

exports[`Button Handlers 1`] = `
<DocumentFragment>
  .c0 {
  padding: xs;
  -webkit-transition: default;
  transition: default;
  opacity: 0.8;
  height: -webkit-fit-content;
  height: -moz-fit-content;
  height: fit-content;
  width: -webkit-fit-content;
  width: -moz-fit-content;
  width: fit-content;
  background-color: primary;
  outline: none;
  border: none;
  display: -webkit-box;
  display: -webkit-flex;
  display: -ms-flexbox;
  display: flex;
  cursor: pointer;
  -webkit-box-pack: center;
  -webkit-justify-content: center;
  -ms-flex-pack: center;
  justify-content: center;
  -webkit-align-items: center;
  -webkit-box-align: center;
  -ms-flex-align: center;
  align-items: center;
  -webkit-user-select: none;
  -moz-user-select: none;
  -ms-user-select: none;
  user-select: none;
  color: white;
  -webkit-user-select: none;
  -moz-user-select: none;
  -ms-user-select: none;
  user-select: none;
  border-radius: default;
  min-height: lg;
  min-width: lg;
  font-size: md;
}

.c0 svg {
  width: sm;
  height: sm;
}

.c0:active {
  background-color: primary.D1;
}

.c0:hover {
  box-shadow: default;
  opacity: 1;
}

<button
    class="c0"
    type="button"
  >
    My button!
  </button>
</DocumentFragment>
`;
